// Jest Snapshot v1, https://goo.gl/fbAQLP

exports[`TextInput component > renders correctly with props { label: "Name", name: "name", defaultValue: "John" } 1`] = `null`;
